[Capitatrades.com/index.html]
[backblue.gif]
[fade.gif]
[index.html]
[Capitatrades.com/Calpine.png]
[Capitatrades.com/v1/front/assets/img/crypto.html]
[Capitatrades.com/v1/front/css/animate.css]
[Capitatrades.com/v1/front/css/bootstrap.min.css]
[Capitatrades.com/v1/front/css/et-line-icons.css]
[Capitatrades.com/v1/front/css/font-awesome.min.css]
[Capitatrades.com/v1/front/css/themify-icons.css]
[Capitatrades.com/v1/front/css/swiper.min.css]
[Capitatrades.com/v1/front/css/justified-gallery.min.css]
[Capitatrades.com/v1/front/css/magnific-popup.css]
[Capitatrades.com/v1/front/revolution/css/settings.css]
[Capitatrades.com/v1/front/revolution/css/layers.css]
[Capitatrades.com/v1/front/revolution/css/navigation.css]
[Capitatrades.com/v1/front/css/bootsnav.css]
[Capitatrades.com/v1/front/css/style.css]
[Capitatrades.com/v1/front/css/spop.min.css]
[Capitatrades.com/v1/front/css/responsive.css]
[i.im.ge/2024/03/05/8xYANc.testimonial-parallax-img.jpg]
[Capitatrades.com/indexe47e.html]
[Capitatrades.com/indexbc14.html]
[i.im.ge/2024/03/05/simple.jpg]
[Capitatrades.com/index4467.html]
[Capitatrades.com/index1b1c.html]
[Capitatrades.com/indexb55f.html]
[Capitatrades.com/indexe266.html]
[Capitatrades.com/index2a94.html]
[Capitatrades.com/v1/front/images/male-worker-standing.png]
[Capitatrades.com/index2baa.html]
[Capitatrades.com/index38cd.html]
[Capitatrades.com/v1/front/images/home_img_desktop.aec2d97a.png]
[Capitatrades.com/indexc30b.html]
[Capitatrades.com/indexcca3.html]
[Capitatrades.com/v1/front/images/homepage-9-parallax-img5.jpg]
[Capitatrades.com/v1/front/images/benefits-a11156b2434d76a538206a794156268d.jpg]
[Capitatrades.com/v1/front/js/jquery.js]
[Capitatrades.com/index15a0.html]
[Capitatrades.com/indexb6b1.html]
[Capitatrades.com/v1/front/js/jquery.easing.1.3.js]
[Capitatrades.com/v1/front/js/skrollr.min.js]
[Capitatrades.com/v1/front/js/smooth-scroll.js]
[Capitatrades.com/v1/front/js/jquery.appear.js]
[Capitatrades.com/v1/front/js/bootsnav.js]
[Capitatrades.com/v1/front/js/jquery.nav.js]
[Capitatrades.com/v1/front/js/wow.min.js]
[Capitatrades.com/v1/front/js/page-scroll.js]
[Capitatrades.com/v1/front/js/swiper.min.js]
[Capitatrades.com/v1/front/js/jquery.count-to.js]
[Capitatrades.com/v1/front/js/jquery.stellar.js]
[Capitatrades.com/v1/front/js/jquery.magnific-popup.min.js]
[Capitatrades.com/v1/front/js/isotope.pkgd.min.js]
[Capitatrades.com/v1/front/js/imagesloaded.pkgd.min.js]
[Capitatrades.com/v1/front/js/classie.js]
[Capitatrades.com/v1/front/js/hamburger-menu.js]
[Capitatrades.com/v1/front/js/counter.js]
[Capitatrades.com/v1/front/js/jquery.fitvids.js]
[Capitatrades.com/v1/front/js/skill.bars.jquery.js]
[Capitatrades.com/v1/front/js/justified-gallery.min.js]
[Capitatrades.com/v1/front/js/jquery.easypiechart.min.js]
[Capitatrades.com/v1/front/js/instafeed.min.js]
[Capitatrades.com/v1/front/js/retina.min.js]
[Capitatrades.com/v1/front/revolution/js/jquery.themepunch.tools.min.js]
[Capitatrades.com/v1/front/revolution/js/jquery.themepunch.revolution.min.js]
[Capitatrades.com/v1/front/js/main.js]
[Capitatrades.com/v1/front/js/spop.min.js]
[Capitatrades.com/index.html]
[Capitatrades.com/v1/front/assets/img/crypto.html]
[Capitatrades.com/v1/front/css/animate.css]
[Capitatrades.com/v1/front/css/bootstrap.min.css]
[Capitatrades.com/v1/front/fonts/et-line.eot]
[Capitatrades.com/v1/front/fonts/et-line.woff]
[Capitatrades.com/v1/front/fonts/et-lined41dd41dd41dd41d.eot]
[Capitatrades.com/v1/front/css/et-line-icons.css]
[Capitatrades.com/v1/front/fonts/et-line.svg]
[Capitatrades.com/v1/front/fonts/et-line.ttf]
[Capitatrades.com/v1/front/fonts/fa-brands-400.woff2]
[Capitatrades.com/v1/front/fonts/fa-brands-400.woff]
[Capitatrades.com/v1/front/fonts/fa-brands-400.eot]
[Capitatrades.com/v1/front/fonts/fa-brands-400d41dd41dd41dd41d.eot]
[Capitatrades.com/v1/front/fonts/fa-brands-400.svg]
[Capitatrades.com/v1/front/fonts/fa-regular-400.woff2]
[Capitatrades.com/v1/front/fonts/fa-regular-400.eot]
[Capitatrades.com/v1/front/fonts/fa-regular-400.woff]
[Capitatrades.com/v1/front/fonts/fa-regular-400d41dd41dd41dd41d.eot]
[Capitatrades.com/v1/front/fonts/fa-regular-400.svg]
[Capitatrades.com/v1/front/fonts/fa-brands-400.ttf]
[Capitatrades.com/v1/front/fonts/fa-regular-400.ttf]
[Capitatrades.com/v1/front/fonts/fa-solid-900.woff2]
[Capitatrades.com/v1/front/fonts/fa-solid-900.woff]
[Capitatrades.com/v1/front/fonts/fa-solid-900.eot]
[Capitatrades.com/v1/front/fonts/fa-solid-900.svg]
[Capitatrades.com/v1/front/css/font-awesome.min.css]
[Capitatrades.com/v1/front/fonts/fa-solid-900d41dd41dd41dd41d.eot]
[Capitatrades.com/v1/front/fonts/themify9f249f249f249f24.woff]
[Capitatrades.com/v1/front/fonts/themify9f249f249f249f24.eot]
[Capitatrades.com/v1/front/fonts/themifyd41dd41dd41dd41d.eot]
[Capitatrades.com/v1/front/fonts/themify9f249f249f249f24.svg]
[Capitatrades.com/v1/front/css/themify-icons.css]
[Capitatrades.com/v1/front/css/swiper.min.css]
[Capitatrades.com/v1/front/css/justified-gallery.min.css]
[Capitatrades.com/v1/front/css/magnific-popup.css]
[Capitatrades.com/v1/front/revolution/fonts/revicons/revicons90c690c690c690c6.eot]
[Capitatrades.com/v1/front/fonts/fa-solid-900.ttf]
[Capitatrades.com/v1/front/revolution/fonts/revicons/revicons90c690c690c690c6.woff]
[Capitatrades.com/v1/front/revolution/fonts/revicons/revicons90c690c690c690c6.svg]
[Capitatrades.com/v1/front/revolution/fonts/revicons/revicons90c690c690c690c6.ttf]
[Capitatrades.com/v1/front/fonts/themify9f249f249f249f24.ttf]
[Capitatrades.com/v1/front/revolution/css/openhand.html]
[Capitatrades.com/v1/front/revolution/css/closedhand.html]
[Capitatrades.com/v1/front/revolution/assets/gridtile.png]
[Capitatrades.com/v1/front/revolution/assets/gridtile_white.png]
[Capitatrades.com/v1/front/revolution/assets/gridtile_3x3.png]
[Capitatrades.com/v1/front/revolution/assets/gridtile_3x3_white.png]
[Capitatrades.com/v1/front/revolution/assets/coloredbg.png]
[Capitatrades.com/v1/front/revolution/assets/loader.gif]
[Capitatrades.com/v1/front/revolution/css/settings.css]
[Capitatrades.com/v1/front/revolution/css/layers.css]
[Capitatrades.com/v1/front/revolution/css/navigation.css]
[Capitatrades.com/v1/front/css/bootsnav.css]
[Capitatrades.com/v1/front/images/select-arrow.png]
[Capitatrades.com/v1/front/images/country-flag-16X16/usa.png]
[Capitatrades.com/v1/front/images/country-flag-16X16/england.png]
[Capitatrades.com/v1/front/images/country-flag-16X16/china.png]
[Capitatrades.com/v1/front/images/country-flag-16X16/hong-kong.png]
[Capitatrades.com/v1/front/images/country-flag-16X16/france.png]
[images.pexels.com/photos/4960438/pexels-photo-4960438.jpg]
[Capitatrades.com/v1/front/images/arrow-prev-light-dark.png]
[Capitatrades.com/v1/front/images/arrow-next-light-dark.png]
[Capitatrades.com/v1/front/images/icon-move-light.png]
[Capitatrades.com/v1/front/images/icon-move-black.png]
[Capitatrades.com/v1/front/css/style.css]
[Capitatrades.com/v1/front/css/spop.min.css]
[Capitatrades.com/v1/front/css/responsive.css]
[Capitatrades.com/translate.google.com/translate_a/elementa0d8a0d8.html]
[Capitatrades.com/indexbc14bc14.html]
[Capitatrades.com/indexbc14.html]
[translate.google.com/translate_a/elementa0d8.js]
[Capitatrades.com/v1/front/images/parallax-bg16.jpg]
[Capitatrades.com/v1/front/images/parallax-bg17.jpg]
[Capitatrades.com/v1/front/images/parallax-bg15.jpg]
[Capitatrades.com/v1/front/images/about-img1.jpg]
[Capitatrades.com/v1/front/images/section-gold-bg.jpg]
[Capitatrades.com/v1/front/images/testimonial-parallax-img.jpg]
[Capitatrades.com/v1/front/images/avtar-07.jpg]
[Capitatrades.com/v1/front/images/avtar-08.jpg]
[Capitatrades.com/v1/front/images/avtar-09.jpg]
[i.im.ge/2024/06/24/K4ooMG.500-5007657-fca-cross-logo-fellowship-christian-athletes-hd-png-removebg-preview.png]
[www.finra.org/sites/default/files/2023-02/FINRA_Corporate_Logo.png]
[Capitatrades.com/indexe47e.html]
[Capitatrades.com/v1/front/images/parallax-bg32.jpg]
[Capitatrades.com/index4467.html]
[Capitatrades.com/v1/front/images/hb-crypto-desk.jpg]
[Capitatrades.com/v1/front/images/about-img3.jpg]
[Capitatrades.com/v1/front/images/about-img4.png]
[Capitatrades.com/index1b1c.html]
[Capitatrades.com/indexe266.html]
[Capitatrades.com/indexb55f.html]
[Capitatrades.com/v1/front/images/hb-cfd-indices-desk.jpg]
[Capitatrades.com/v1/front/images/spot-metal-trading-platforms.png]
[Capitatrades.com/index2a94.html]
[Capitatrades.com/index2baa.html]
[Capitatrades.com/images/favicon.png]
[Capitatrades.com/dash/css/custom.css]
[Capitatrades.com/dash/plugins/select2/select2.min.css]
[Capitatrades.com/dash/assets/css/bootstrap.min.css]
[Capitatrades.com/dash/assets/css/jquery-ui.min.css]
[Capitatrades.com/dash/assets/css/icons.min.css]
[Capitatrades.com/dash/assets/css/custom.css]
[Capitatrades.com/dash/assets/css/metisMenu.min.css]
[Capitatrades.com/dash/plugins/daterangepicker/daterangepicker.css]
[Capitatrades.com/dash/plugins/dropify/css/dropify.min.css]
[Capitatrades.com/dash/plugins/jquery-steps/jquery.steps.css]
[Capitatrades.com/dash/assets/css/mastercard.css]
[Capitatrades.com/dash/assets/css/app.min.css]
[Capitatrades.com/dash/plugins/sweet-alert2/sweetalert2.min.css]
[Capitatrades.com/dash/plugins/sweet-alert2/sweetalert2.min.js]
[Capitatrades.com/index489c.html]
[Capitatrades.com/index2017.html]
[Capitatrades.com/index238e.html]
[Capitatrades.com/indexcc36.html]
[Capitatrades.com/index035c.html]
[Capitatrades.com/dash/plugins/apex-charts/apexcharts.min.js]
[Capitatrades.com/index0f73.html]
[Capitatrades.com/indexd9a5.html]
[Capitatrades.com/dash/assets/js/jquery.min.js]
[Capitatrades.com/indexe3a5.html]
[Capitatrades.com/dash/assets/js/bootstrap.bundle.min.js]
[Capitatrades.com/indexbfa5.html]
[Capitatrades.com/index57aa.html]
[Capitatrades.com/index8083.html]
[Capitatrades.com/dash/js/toaster.js]
[Capitatrades.com/index0c91.html]
[Capitatrades.com/dash/js/custom.js]
[Capitatrades.com/dash/assets/js/metismenu.min.js]
[Capitatrades.com/dash/assets/js/waves.js]
[Capitatrades.com/dash/assets/js/feather.min.js]
[Capitatrades.com/dash/assets/js/simplebar.min.js]
[Capitatrades.com/dash/assets/js/jquery-ui.min.js]
[Capitatrades.com/dash/assets/js/moment.js]
[Capitatrades.com/dash/plugins/daterangepicker/daterangepicker.js]
[Capitatrades.com/dash/plugins/clipboard/clipboard.min.js]
[Capitatrades.com/dash/plugins/select2/select2.min.js]
[Capitatrades.com/dash/plugins/dropify/js/dropify.min.js]
[Capitatrades.com/dash/plugins/jvectormap/jquery-jvectormap-2.0.2.min.js]
[Capitatrades.com/dash/plugins/jvectormap/jquery-jvectormap-us-aea-en.js]
[Capitatrades.com/dash/plugins/jquery-steps/jquery.steps.min.js]
[Capitatrades.com/dash/assets/pages/jquery.form-wizard.init.js]
[Capitatrades.com/dash/assets/pages/jquery.analytics_dashboard.init.js]
[Capitatrades.com/dash/assets/pages/jquery.form-upload.init.js]
[Capitatrades.com/dash/assets/pages/jquery.forms-advanced.js]
[Capitatrades.com/dash/assets/js/app.js]
[Capitatrades.com/dash/assets/js/demo-nomodule.js]
[cdn.datatables.net/1.10.24/js/jquery.dataTables.min.js]
[Capitatrades.com/index38cd.html]
[Capitatrades.com/dash/assets/pages/jquery.sweet-alert.init.js]
[Capitatrades.com/assets/css/bootstrap.min.css]
[Capitatrades.com/assets/css/icons.min.css]
[Capitatrades.com/assets/js/jquery.min.js]
[Capitatrades.com/assets/js/bootstrap.bundle.min.js]
[Capitatrades.com/assets/js/waves.js]
[Capitatrades.com/assets/js/feather.min.js]
[Capitatrades.com/indexc30b.html]
[Capitatrades.com/indexcca3.html]
[Capitatrades.com/www.livecoinwatch.com/static/lcw-widget.html]
[Capitatrades.com/assets/js/simplebar.min.js]
[Capitatrades.com/v1/front/images/male-worker-standing.png]
[Capitatrades.com/images/banner/banner2.jpg]
[Capitatrades.com/index15a0.html]
[Capitatrades.com/indexb6b1.html]
[Capitatrades.com/indexa972.html]
[Capitatrades.com/v1/front/js/modernizr.js]
[Capitatrades.com/www.google-analytics.com/analytics.html]
[Capitatrades.com/v1/front/fonts/et-line.svg]
[Capitatrades.com/v1/front/fonts/fa-brands-400.svg]
[Capitatrades.com/v1/front/fonts/fa-regular-400.svg]
[Capitatrades.com/v1/front/fonts/fa-solid-900.svg]
[Capitatrades.com/v1/front/fonts/themify9f249f249f249f24.svg]
[Capitatrades.com/v1/front/revolution/fonts/revicons/revicons90c690c690c690c6.svg]
[Capitatrades.com/v1/front/revolution/css/openhand.html]
[Capitatrades.com/v1/front/revolution/css/closedhand.html]
[Capitatrades.com/v1/front/assets/img/crypto-2.html]
[Capitatrades.com/v1/front/js/bootstrap.bundle.js]
[Capitatrades.com/www.google-analytics.com/analytics-2.html]
[Capitatrades.com/v1/front/images/steel-pipe-construction-project.html]
[Capitatrades.com/v1/front/images/FqzLTXOaUAAKocW-2.html]
[Capitatrades.com/v1/front/images/oil-inspection.html]
[Capitatrades.com/v1/front/images/rig-pf-1-300x200.html]
[Capitatrades.com/v1/front/images/oil-construction-project.html]
[Capitatrades.com/_v1/front/images/cfd-indices-parallex-bg.html]
[Capitatrades.com/_v1/front/images/about-img1.html]
[Capitatrades.com/_v1/front/images/parallax-bg32.html]
[Capitatrades.com/dash/plugins/jvectormap/jquery-jvectormap-2.0.2.html]
[Capitatrades.com/dash/css/custom.css]
[Capitatrades.com/dash/css/dashboard.css]
[Capitatrades.com/dash/plugins/select2/select2.min.css]
[Capitatrades.com/dash/assets/css/bootstrap.min.css]
[Capitatrades.com/v1/front/images/parallax-bg16.jpg]
[Capitatrades.com/dash/assets/css/jquery-ui.min.css]
[Capitatrades.com/dash/assets/fonts/fa-brands-400.woff]
[Capitatrades.com/dash/assets/fonts/fa-brands-400.ttf]
[Capitatrades.com/dash/assets/fonts/fa-solid-900.woff]
[Capitatrades.com/dash/assets/fonts/fa-solid-900.ttf]
[Capitatrades.com/dash/assets/fonts/materialdesignicons-webfonta5daa5da.woff]
[Capitatrades.com/dash/assets/fonts/themify9f249f24.woff]
[Capitatrades.com/dash/assets/css/icons.min.css]
[Capitatrades.com/dash/assets/css/custom.css]
[Capitatrades.com/dash/assets/css/metisMenu.min.css]
[Capitatrades.com/dash/plugins/daterangepicker/daterangepicker.css]
[Capitatrades.com/dash/plugins/dropify/css/dropify.min.css]
[Capitatrades.com/dash/plugins/jquery-steps/jquery.steps.css]
[Capitatrades.com/dash/assets/fonts/themify9f249f24.ttf]
[Capitatrades.com/dash/assets/css/mastercard.css]
[Capitatrades.com/dash/assets/fonts/inter-regular46a746a7.woff]
[Capitatrades.com/dash/assets/fonts/inter-medium46a746a7.woff]
[Capitatrades.com/dash/assets/css/app.min.css]
[Capitatrades.com/dash/plugins/sweet-alert2/sweetalert2.min.css]
[Capitatrades.com/index489c.html]
[Capitatrades.com/f-logo.html]
[Capitatrades.com/index2017.html]
[Capitatrades.com/indexcc36.html]
[Capitatrades.com/index238e.html]
[Capitatrades.com/index035c.html]
[Capitatrades.com/indexd9a5.html]
[Capitatrades.com/index0f73.html]
[Capitatrades.com/indexe3a5.html]
[Capitatrades.com/indexbfa5.html]
[Capitatrades.com/index57aa.html]
[Capitatrades.com/index8083.html]
[Capitatrades.com/index0c91.html]
[Capitatrades.com/assets/css/bootstrap.min.css]
[Capitatrades.com/assets/fonts/fa-brands-400.eot]
[Capitatrades.com/assets/fonts/fa-brands-400.html]
[Capitatrades.com/assets/fonts/fa-brands-400.woff]
[Capitatrades.com/assets/fonts/fa-brands-400.svg]
[Capitatrades.com/assets/fonts/fa-brands-400d41dd41dd41d.eot]
[Capitatrades.com/assets/fonts/fa-regular-400.eot]
[Capitatrades.com/assets/fonts/fa-regular-400.html]
[Capitatrades.com/assets/fonts/fa-regular-400d41dd41dd41d.eot]
[Capitatrades.com/assets/fonts/fa-brands-400.ttf]
[Capitatrades.com/assets/fonts/fa-regular-400.woff]
[Capitatrades.com/assets/fonts/fa-regular-400.ttf]
[Capitatrades.com/assets/fonts/fa-regular-400.svg]
[Capitatrades.com/assets/fonts/fa-solid-900.eot]
[Capitatrades.com/assets/fonts/fa-solid-900d41dd41dd41d.eot]
[Capitatrades.com/assets/fonts/fa-solid-900.html]
[Capitatrades.com/assets/fonts/fa-solid-900.woff]
[Capitatrades.com/assets/fonts/fa-solid-900.ttf]
[Capitatrades.com/assets/fonts/fa-solid-900.svg]
[Capitatrades.com/assets/fonts/la-brands-400.eot]
[Capitatrades.com/assets/fonts/la-brands-400.html]
[Capitatrades.com/assets/fonts/la-brands-400d41dd41dd41d.eot]
[Capitatrades.com/assets/fonts/la-brands-400.woff]
[Capitatrades.com/assets/fonts/la-brands-400.svg]
[Capitatrades.com/assets/fonts/la-regular-400.eot]
[Capitatrades.com/assets/fonts/la-regular-400.html]
[Capitatrades.com/assets/fonts/la-regular-400.woff]
[Capitatrades.com/assets/fonts/la-regular-400d41dd41dd41d.eot]
[Capitatrades.com/assets/fonts/la-regular-400.svg]
[Capitatrades.com/assets/fonts/la-regular-400.ttf]
[Capitatrades.com/assets/fonts/la-solid-900.html]
[Capitatrades.com/assets/fonts/la-solid-900.woff]
[Capitatrades.com/assets/fonts/la-brands-400.ttf]
[Capitatrades.com/assets/fonts/la-solid-900.eot]
[Capitatrades.com/assets/fonts/la-solid-900d41dd41dd41d.eot]
[Capitatrades.com/assets/fonts/la-solid-900.svg]
[Capitatrades.com/assets/fonts/la-solid-900.ttf]
[Capitatrades.com/assets/fonts/materialdesignicons-webfonta5daa5daa5da.html]
[Capitatrades.com/assets/fonts/materialdesignicons-webfonta5daa5daa5da.woff]
[Capitatrades.com/assets/fonts/dripicons-v2.eot]
[Capitatrades.com/assets/fonts/dripicons-v2.woff]
[Capitatrades.com/assets/fonts/dripicons-v2d41dd41dd41d.eot]
[Capitatrades.com/assets/fonts/dripicons-v2.svg]
[Capitatrades.com/assets/fonts/feather144f144f144f.woff]
[Capitatrades.com/assets/fonts/dripicons-v2.ttf]
[Capitatrades.com/assets/fonts/feather144f144f144f.svg]
[Capitatrades.com/assets/fonts/feather144f144f144f.ttf]
[Capitatrades.com/assets/fonts/themify9f249f249f24.woff]
[Capitatrades.com/assets/fonts/themify9f249f249f24.eot]
[Capitatrades.com/assets/fonts/themifyd41dd41dd41d.eot]
[Capitatrades.com/assets/fonts/themify9f249f249f24.svg]
[Capitatrades.com/assets/fonts/themify9f249f249f24.ttf]
[Capitatrades.com/assets/fonts/typicons.woff]
[Capitatrades.com/assets/fonts/typicons.eot]
[Capitatrades.com/assets/fonts/typiconsd41dd41dd41d.eot]
[Capitatrades.com/assets/css/icons.min.css]
[Capitatrades.com/assets/fonts/typicons.svg]
[Capitatrades.com/assets/css/app.min.css]
[Capitatrades.com/images/banner/banner10.png]
[Capitatrades.com/indexa972.html]
[Capitatrades.com/v1/front/images/about-img4.png]
[Capitatrades.com/assets/fonts/typicons.ttf]
[Capitatrades.com/dash/assets/css/images/ui-icons_444444_256x240.html]
[Capitatrades.com/dash/assets/css/images/ui-icons_ffffff_256x240.html]
[Capitatrades.com/dash/assets/css/images/ui-icons_777620_256x240.html]
[Capitatrades.com/dash/assets/css/images/ui-icons_cc0000_256x240.html]
[Capitatrades.com/dash/assets/css/images/ui-icons_777777_256x240.html]
[Capitatrades.com/dash/assets/fonts/fa-brands-400.html]
[Capitatrades.com/dash/assets/fonts/fa-brands-400d41dd41d.html]
[Capitatrades.com/dash/assets/fonts/fa-brands-401.html]
[Capitatrades.com/dash/assets/fonts/fa-brands-402.html]
[Capitatrades.com/dash/assets/fonts/fa-regular-400.html]
[Capitatrades.com/dash/assets/fonts/fa-regular-400d41dd41d.html]
[Capitatrades.com/dash/assets/fonts/fa-regular-401.html]
[Capitatrades.com/dash/assets/fonts/fa-regular-402.html]
[Capitatrades.com/dash/assets/fonts/fa-regular-403.html]
[Capitatrades.com/dash/assets/fonts/fa-regular-404.html]
[Capitatrades.com/dash/assets/fonts/fa-solid-900.html]
[Capitatrades.com/dash/assets/fonts/fa-solid-900d41dd41d.html]
[Capitatrades.com/dash/assets/fonts/fa-solid-901.html]
[Capitatrades.com/dash/assets/fonts/fa-solid-902.html]
[Capitatrades.com/dash/assets/fonts/la-brands-400.html]
[Capitatrades.com/dash/assets/fonts/la-brands-400d41dd41d.html]
[Capitatrades.com/dash/assets/fonts/la-brands-401.html]
[Capitatrades.com/dash/assets/fonts/la-brands-402.html]
[Capitatrades.com/dash/assets/fonts/la-brands-403.html]
[Capitatrades.com/dash/assets/fonts/la-brands-404.html]
[Capitatrades.com/dash/assets/fonts/la-regular-400.html]
[Capitatrades.com/dash/assets/fonts/la-regular-400d41dd41d.html]
[Capitatrades.com/dash/assets/fonts/la-regular-401.html]
[Capitatrades.com/dash/assets/fonts/la-regular-402.html]
[Capitatrades.com/dash/assets/fonts/la-regular-403.html]
[Capitatrades.com/dash/assets/fonts/la-regular-404.html]
[Capitatrades.com/dash/assets/fonts/la-solid-900.html]
[Capitatrades.com/dash/assets/fonts/la-solid-900d41dd41d.html]
[Capitatrades.com/dash/assets/fonts/la-solid-901.html]
[Capitatrades.com/dash/assets/fonts/la-solid-902.html]
[Capitatrades.com/dash/assets/fonts/la-solid-903.html]
[Capitatrades.com/dash/assets/fonts/la-solid-904.html]
[Capitatrades.com/dash/assets/fonts/materialdesignicons-webfonta5daa5da.html]
[Capitatrades.com/dash/assets/fonts/materialdesignicons-webfontd41dd41d.html]
[Capitatrades.com/dash/assets/fonts/materialdesignicons-webfonta5daa5da-2.html]
[Capitatrades.com/assets/fonts/materialdesignicons-webfonta5daa5daa5da.ttf]
[Capitatrades.com/dash/assets/fonts/dripicons-v2.html]
[Capitatrades.com/dash/assets/fonts/dripicons-v2d41dd41d.html]
[Capitatrades.com/dash/assets/fonts/dripicons-v2-2.html]
[Capitatrades.com/dash/assets/fonts/dripicons-v2-3.html]
[Capitatrades.com/dash/assets/fonts/dripicons-v2-4.html]
[Capitatrades.com/dash/assets/fonts/feather144f144f.html]
[Capitatrades.com/dash/assets/fonts/feather144f144f-2.html]
[Capitatrades.com/dash/assets/fonts/feather144f144f-3.html]
[Capitatrades.com/dash/assets/fonts/themify9f249f24.html]
[Capitatrades.com/dash/assets/fonts/themifyd41dd41d.html]
[Capitatrades.com/dash/assets/fonts/themify9f249f24-2.html]
[Capitatrades.com/dash/assets/fonts/typicons.html]
[Capitatrades.com/dash/assets/fonts/typiconsd41dd41d.html]
[Capitatrades.com/dash/assets/fonts/typicons-2.html]
[Capitatrades.com/dash/assets/fonts/typicons-3.html]
[Capitatrades.com/dash/assets/fonts/typicons-4.html]
[Capitatrades.com/dash/plugins/dropify/fonts/dropify.html]
[Capitatrades.com/dash/plugins/dropify/fonts/dropify-2.html]
[Capitatrades.com/dash/plugins/dropify/fonts/dropify-3.html]
[Capitatrades.com/dash/plugins/dropify/fonts/dropify-4.html]
[Capitatrades.com/dashboard/images/cc-back.html]
[Capitatrades.com/dash/assets/images/open.html]
[Capitatrades.com/dash/assets/images/close.html]
[Capitatrades.com/dash/assets/images/pattern-sm.html]
[Capitatrades.com/dash/assets/fonts/inter-light46a746a7.html]
[Capitatrades.com/dash/assets/fonts/inter-light46a746a7-2.html]
[Capitatrades.com/dash/assets/fonts/inter-regular46a746a7.html]
[Capitatrades.com/dash/assets/fonts/inter-medium46a746a7.html]
[Capitatrades.com/dash/assets/fonts/inter-bold46a746a7.html]
[Capitatrades.com/dash/assets/fonts/iter-bold46a746a7.html]
[Capitatrades.com/dash/assets/images/1.html]
[Capitatrades.com/dash/assets/images/products/offer.html]
[Capitatrades.com/dash/assets/images/products/bg-cart.html]
[Capitatrades.com/dash/assets/images/pattern.html]
[Capitatrades.com/dash/assets/images/auth-bg.html]
[Capitatrades.com/assets/fonts/fa-brands-400.html]
[Capitatrades.com/assets/fonts/fa-brands-400.svg]
[Capitatrades.com/assets/fonts/fa-regular-400.html]
[Capitatrades.com/assets/fonts/fa-regular-400.svg]
[Capitatrades.com/assets/fonts/fa-solid-900.html]
[Capitatrades.com/assets/fonts/fa-solid-900.svg]
[Capitatrades.com/assets/fonts/la-brands-400.html]
[Capitatrades.com/assets/fonts/la-brands-400.svg]
[Capitatrades.com/assets/fonts/la-regular-400.html]
[Capitatrades.com/assets/fonts/la-regular-400.svg]
[Capitatrades.com/assets/fonts/la-solid-900.html]
[Capitatrades.com/assets/fonts/la-solid-900.svg]
[Capitatrades.com/assets/fonts/materialdesignicons-webfonta5daa5daa5da.html]
[Capitatrades.com/assets/fonts/materialdesignicons-webfonta5daa5daa5da.woff]
[Capitatrades.com/assets/fonts/dripicons-v2.svg]
[Capitatrades.com/assets/fonts/feather144f144f144f.svg]
[Capitatrades.com/assets/fonts/themify9f249f249f24.svg]
[Capitatrades.com/assets/fonts/typicons.svg]
[Capitatrades.com/assets/images/open.png]
[Capitatrades.com/assets/images/close.png]
[Capitatrades.com/assets/images/pattern-sm.png]
[Capitatrades.com/assets/fonts/inter-light46a746a746a7.html]
[Capitatrades.com/assets/fonts/inter-light46a746a746a7.woff]
[Capitatrades.com/assets/fonts/inter-regular46a746a746a7.html]
[Capitatrades.com/assets/fonts/inter-regular46a746a746a7.woff]
[Capitatrades.com/assets/fonts/inter-medium46a746a746a7.html]
[Capitatrades.com/assets/fonts/inter-medium46a746a746a7.woff]
[Capitatrades.com/assets/fonts/inter-bold46a746a746a7.html]
[Capitatrades.com/assets/fonts/iter-bold46a746a746a7.html]
[Capitatrades.com/assets/images/1.html]
[Capitatrades.com/assets/images/products/offer.html]
[Capitatrades.com/assets/images/products/bg-cart.png]
[Capitatrades.com/assets/images/pattern.png]
[Capitatrades.com/assets/images/auth-bg.png]
[Capitatrades.com/assets/css/app.min.css]
[Capitatrades.com/images/banner/banner10.png]
[Capitatrades.com/dash/assets/css/images/ui-icons_555555_256x240.html]
[Capitatrades.com/assets/fonts/inter-light46a746a746a7.html]
[Capitatrades.com/assets/fonts/inter-regular46a746a746a7.html]
[Capitatrades.com/assets/fonts/inter-medium46a746a746a7.html]
[Capitatrades.com/assets/fonts/inter-bold46a746a746a7.html]
[Capitatrades.com/assets/fonts/iter-bold46a746a746a7.html]
[Capitatrades.com/assets/images/1.html]
[Capitatrades.com/assets/images/products/offer.html]
